Running measurements with vnncomp folder '/home/elipregerson/nnenum/vnncomp2025_benchmarks' for tool scripts in '/home/elipregerson/nnenum/vnncomp_scripts' and saving results to 'skip_results.csv'.
Running cersyve category from /home/elipregerson/nnenum/vnncomp2025_benchmarks/benchmarks/cersyve/instances.csv
Category 'cersyve' timeout sum: 1200 seconds
Doing run_single_instance with category 'cersyve' on onnx network '/home/elipregerson/nnenum/vnncomp2025_benchmarks/benchmarks/cersyve/onnx/lane_keep_pretrain_con.onnx' with vnnlib file '/home/elipregerson/nnenum/vnncomp2025_benchmarks/benchmarks/cersyve/vnnlib/prop_lane_keep.vnnlib' and timeout '100'
Preparing nnenum for benchmark instance in category 'cersyve' with onnx file '/home/elipregerson/nnenum/vnncomp2025_benchmarks/benchmarks/cersyve/onnx/lane_keep_pretrain_con.onnx' and vnnlib file '/home/elipregerson/nnenum/vnncomp2025_benchmarks/benchmarks/cersyve/vnnlib/prop_lane_keep.vnnlib'
/home/elipregerson/nnenum/vnncomp_scripts/prepare_instance.sh: line 36: /home/elipregerson/miniconda/envs/nnenumenv/bin/python: No such file or directory
prepare_instance.sh exit code: 0, runtime: .021292754
Running nnenum on benchmark instance in category 'cersyve' with onnx file '/home/elipregerson/nnenum/vnncomp2025_benchmarks/benchmarks/cersyve/onnx/lane_keep_pretrain_con.onnx', vnnlib file '/home/elipregerson/nnenum/vnncomp2025_benchmarks/benchmarks/cersyve/vnnlib/prop_lane_keep.vnnlib', results file out.txt, and timeout 100
Running in parallel with 16 processes

Worker 8 found a confirmed counterexample (concrete)

Unsafe Branch: +++--+++--++-+ (Branch Mode: 0)



Total Stars: 1485 (1482 exact, 3 approx)
Runtime: 0.6 sec
Completed work frac: 0.19184398651123047
Num Stars Copied Between Processes: 38
Num Lps During Enumeration: 5528
Total Num Lps: 5528

Result: network is UNSAFE with confirmed counterexample in result.cinput and result.coutput
Input: [-1.7999999523162842, 0.7394105792045593, -1.0, -0.12072082608938217]
Output: [6.258487701416016e-07, 0.0]
run_instance.sh exit code: 0, Result: sat, Runtime: 1.128683518
Appending result 'sat' to csv file 'skip_results.csv'
Doing run_single_instance with category 'cersyve' on onnx network '/home/elipregerson/nnenum/vnncomp2025_benchmarks/benchmarks/cersyve/onnx/lane_keep_pretrain_inv.onnx' with vnnlib file '/home/elipregerson/nnenum/vnncomp2025_benchmarks/benchmarks/cersyve/vnnlib/prop_lane_keep.vnnlib' and timeout '100'
Preparing nnenum for benchmark instance in category 'cersyve' with onnx file '/home/elipregerson/nnenum/vnncomp2025_benchmarks/benchmarks/cersyve/onnx/lane_keep_pretrain_inv.onnx' and vnnlib file '/home/elipregerson/nnenum/vnncomp2025_benchmarks/benchmarks/cersyve/vnnlib/prop_lane_keep.vnnlib'
/home/elipregerson/nnenum/vnncomp_scripts/prepare_instance.sh: line 36: /home/elipregerson/miniconda/envs/nnenumenv/bin/python: No such file or directory
prepare_instance.sh exit code: 0, runtime: .007028682
Running nnenum on benchmark instance in category 'cersyve' with onnx file '/home/elipregerson/nnenum/vnncomp2025_benchmarks/benchmarks/cersyve/onnx/lane_keep_pretrain_inv.onnx', vnnlib file '/home/elipregerson/nnenum/vnncomp2025_benchmarks/benchmarks/cersyve/vnnlib/prop_lane_keep.vnnlib', results file out.txt, and timeout 100
Running in parallel with 16 processes



Total Stars: 504624 (488337 exact, 16287 approx)
Runtime: 1.67 min (100.06 sec)
Completed work frac: 0.01074220146983862
Num Stars Copied Between Processes: 25
Num Lps During Enumeration: 266
Total Num Lps: 266

Timeout (100) reached during execution
run_instance.sh exit code: 0, Result: timeout, Runtime: 100.596904045
Appending result 'timeout' to csv file 'skip_results.csv'
Doing run_single_instance with category 'cersyve' on onnx network '/home/elipregerson/nnenum/vnncomp2025_benchmarks/benchmarks/cersyve/onnx/lane_keep_finetune_con.onnx' with vnnlib file '/home/elipregerson/nnenum/vnncomp2025_benchmarks/benchmarks/cersyve/vnnlib/prop_lane_keep.vnnlib' and timeout '100'
Preparing nnenum for benchmark instance in category 'cersyve' with onnx file '/home/elipregerson/nnenum/vnncomp2025_benchmarks/benchmarks/cersyve/onnx/lane_keep_finetune_con.onnx' and vnnlib file '/home/elipregerson/nnenum/vnncomp2025_benchmarks/benchmarks/cersyve/vnnlib/prop_lane_keep.vnnlib'
/home/elipregerson/nnenum/vnncomp_scripts/prepare_instance.sh: line 36: /home/elipregerson/miniconda/envs/nnenumenv/bin/python: No such file or directory
prepare_instance.sh exit code: 0, runtime: .007312849
Running nnenum on benchmark instance in category 'cersyve' with onnx file '/home/elipregerson/nnenum/vnncomp2025_benchmarks/benchmarks/cersyve/onnx/lane_keep_finetune_con.onnx', vnnlib file '/home/elipregerson/nnenum/vnncomp2025_benchmarks/benchmarks/cersyve/vnnlib/prop_lane_keep.vnnlib', results file out.txt, and timeout 100
Running in parallel with 16 processes



Total Stars: 326501 (325586 exact, 915 approx)
Runtime: 1.67 min (100.03 sec)
Completed work frac: 0.9423476457595825
Num Stars Copied Between Processes: 382
Num Lps During Enumeration: 67000
Total Num Lps: 67000

Timeout (100) reached during execution
run_instance.sh exit code: 0, Result: timeout, Runtime: 100.598910637
Appending result 'timeout' to csv file 'skip_results.csv'
Doing run_single_instance with category 'cersyve' on onnx network '/home/elipregerson/nnenum/vnncomp2025_benchmarks/benchmarks/cersyve/onnx/lane_keep_finetune_inv.onnx' with vnnlib file '/home/elipregerson/nnenum/vnncomp2025_benchmarks/benchmarks/cersyve/vnnlib/prop_lane_keep.vnnlib' and timeout '100'
Preparing nnenum for benchmark instance in category 'cersyve' with onnx file '/home/elipregerson/nnenum/vnncomp2025_benchmarks/benchmarks/cersyve/onnx/lane_keep_finetune_inv.onnx' and vnnlib file '/home/elipregerson/nnenum/vnncomp2025_benchmarks/benchmarks/cersyve/vnnlib/prop_lane_keep.vnnlib'
/home/elipregerson/nnenum/vnncomp_scripts/prepare_instance.sh: line 36: /home/elipregerson/miniconda/envs/nnenumenv/bin/python: No such file or directory
prepare_instance.sh exit code: 0, runtime: .007373975
Running nnenum on benchmark instance in category 'cersyve' with onnx file '/home/elipregerson/nnenum/vnncomp2025_benchmarks/benchmarks/cersyve/onnx/lane_keep_finetune_inv.onnx', vnnlib file '/home/elipregerson/nnenum/vnncomp2025_benchmarks/benchmarks/cersyve/vnnlib/prop_lane_keep.vnnlib', results file out.txt, and timeout 100
Running in parallel with 16 processes



Total Stars: 449956 (445690 exact, 4266 approx)
Runtime: 1.67 min (100.05 sec)
Completed work frac: 0.023544106632471085
Num Stars Copied Between Processes: 35
Num Lps During Enumeration: 1077
Total Num Lps: 1077

Timeout (100) reached during execution
run_instance.sh exit code: 0, Result: timeout, Runtime: 100.676524257
Appending result 'timeout' to csv file 'skip_results.csv'
Doing run_single_instance with category 'cersyve' on onnx network '/home/elipregerson/nnenum/vnncomp2025_benchmarks/benchmarks/cersyve/onnx/pendulum_pretrain_con.onnx' with vnnlib file '/home/elipregerson/nnenum/vnncomp2025_benchmarks/benchmarks/cersyve/vnnlib/prop_pendulum.vnnlib' and timeout '100'
Preparing nnenum for benchmark instance in category 'cersyve' with onnx file '/home/elipregerson/nnenum/vnncomp2025_benchmarks/benchmarks/cersyve/onnx/pendulum_pretrain_con.onnx' and vnnlib file '/home/elipregerson/nnenum/vnncomp2025_benchmarks/benchmarks/cersyve/vnnlib/prop_pendulum.vnnlib'
/home/elipregerson/nnenum/vnncomp_scripts/prepare_instance.sh: line 36: /home/elipregerson/miniconda/envs/nnenumenv/bin/python: No such file or directory
prepare_instance.sh exit code: 0, runtime: .007300297
Running nnenum on benchmark instance in category 'cersyve' with onnx file '/home/elipregerson/nnenum/vnncomp2025_benchmarks/benchmarks/cersyve/onnx/pendulum_pretrain_con.onnx', vnnlib file '/home/elipregerson/nnenum/vnncomp2025_benchmarks/benchmarks/cersyve/vnnlib/prop_pendulum.vnnlib', results file out.txt, and timeout 100
Running in parallel with 16 processes

Worker 1 found a confirmed counterexample (concrete)

Unsafe Branch: +++-+++++-+ (Branch Mode: 0)



Total Stars: 39 (14 exact, 25 approx)
Runtime: 0.1 sec
Completed work frac: 0.30224609375
Num Stars Copied Between Processes: 8
Num Lps During Enumeration: 438
Total Num Lps: 438

Result: network is UNSAFE with confirmed counterexample in result.cinput and result.coutput
Input: [-0.5240976214408875, 0.10350456088781357]
Output: [-1.1175870895385742e-08, 0.0004988908767700195]
run_instance.sh exit code: 0, Result: sat, Runtime: .688848933
Appending result 'sat' to csv file 'skip_results.csv'
Doing run_single_instance with category 'cersyve' on onnx network '/home/elipregerson/nnenum/vnncomp2025_benchmarks/benchmarks/cersyve/onnx/pendulum_pretrain_inv.onnx' with vnnlib file '/home/elipregerson/nnenum/vnncomp2025_benchmarks/benchmarks/cersyve/vnnlib/prop_pendulum.vnnlib' and timeout '100'
Preparing nnenum for benchmark instance in category 'cersyve' with onnx file '/home/elipregerson/nnenum/vnncomp2025_benchmarks/benchmarks/cersyve/onnx/pendulum_pretrain_inv.onnx' and vnnlib file '/home/elipregerson/nnenum/vnncomp2025_benchmarks/benchmarks/cersyve/vnnlib/prop_pendulum.vnnlib'
/home/elipregerson/nnenum/vnncomp_scripts/prepare_instance.sh: line 36: /home/elipregerson/miniconda/envs/nnenumenv/bin/python: No such file or directory
prepare_instance.sh exit code: 0, runtime: .007482112
Running nnenum on benchmark instance in category 'cersyve' with onnx file '/home/elipregerson/nnenum/vnncomp2025_benchmarks/benchmarks/cersyve/onnx/pendulum_pretrain_inv.onnx', vnnlib file '/home/elipregerson/nnenum/vnncomp2025_benchmarks/benchmarks/cersyve/vnnlib/prop_pendulum.vnnlib', results file out.txt, and timeout 100
Running in parallel with 16 processes



Total Stars: 424966 (401523 exact, 23443 approx)
Runtime: 1.67 min (100.07 sec)
Completed work frac: 0.0004884004592895508
Num Stars Copied Between Processes: 29
Num Lps During Enumeration: 59
Total Num Lps: 59

Timeout (100) reached during execution
run_instance.sh exit code: 0, Result: timeout, Runtime: 100.659388101
Appending result 'timeout' to csv file 'skip_results.csv'
Doing run_single_instance with category 'cersyve' on onnx network '/home/elipregerson/nnenum/vnncomp2025_benchmarks/benchmarks/cersyve/onnx/pendulum_finetune_con.onnx' with vnnlib file '/home/elipregerson/nnenum/vnncomp2025_benchmarks/benchmarks/cersyve/vnnlib/prop_pendulum.vnnlib' and timeout '100'
Preparing nnenum for benchmark instance in category 'cersyve' with onnx file '/home/elipregerson/nnenum/vnncomp2025_benchmarks/benchmarks/cersyve/onnx/pendulum_finetune_con.onnx' and vnnlib file '/home/elipregerson/nnenum/vnncomp2025_benchmarks/benchmarks/cersyve/vnnlib/prop_pendulum.vnnlib'
/home/elipregerson/nnenum/vnncomp_scripts/prepare_instance.sh: line 36: /home/elipregerson/miniconda/envs/nnenumenv/bin/python: No such file or directory
prepare_instance.sh exit code: 0, runtime: .013769303
Running nnenum on benchmark instance in category 'cersyve' with onnx file '/home/elipregerson/nnenum/vnncomp2025_benchmarks/benchmarks/cersyve/onnx/pendulum_finetune_con.onnx', vnnlib file '/home/elipregerson/nnenum/vnncomp2025_benchmarks/benchmarks/cersyve/vnnlib/prop_pendulum.vnnlib', results file out.txt, and timeout 100
Running in parallel with 16 processes



Total Stars: 282 (75 exact, 207 approx)
Runtime: 0.3 sec
Completed work frac: 1.0
Num Stars Copied Between Processes: 45
Num Lps During Enumeration: 924
Total Num Lps: 924

Result: network is SAFE
run_instance.sh exit code: 0, Result: unsat, Runtime: 1.064734510
Appending result 'unsat' to csv file 'skip_results.csv'
Doing run_single_instance with category 'cersyve' on onnx network '/home/elipregerson/nnenum/vnncomp2025_benchmarks/benchmarks/cersyve/onnx/pendulum_finetune_inv.onnx' with vnnlib file '/home/elipregerson/nnenum/vnncomp2025_benchmarks/benchmarks/cersyve/vnnlib/prop_pendulum.vnnlib' and timeout '100'
Preparing nnenum for benchmark instance in category 'cersyve' with onnx file '/home/elipregerson/nnenum/vnncomp2025_benchmarks/benchmarks/cersyve/onnx/pendulum_finetune_inv.onnx' and vnnlib file '/home/elipregerson/nnenum/vnncomp2025_benchmarks/benchmarks/cersyve/vnnlib/prop_pendulum.vnnlib'
/home/elipregerson/nnenum/vnncomp_scripts/prepare_instance.sh: line 36: /home/elipregerson/miniconda/envs/nnenumenv/bin/python: No such file or directory
prepare_instance.sh exit code: 0, runtime: .007430496
Running nnenum on benchmark instance in category 'cersyve' with onnx file '/home/elipregerson/nnenum/vnncomp2025_benchmarks/benchmarks/cersyve/onnx/pendulum_finetune_inv.onnx', vnnlib file '/home/elipregerson/nnenum/vnncomp2025_benchmarks/benchmarks/cersyve/vnnlib/prop_pendulum.vnnlib', results file out.txt, and timeout 100
Running in parallel with 16 processes



Total Stars: 420814 (403213 exact, 17601 approx)
Runtime: 1.67 min (100.08 sec)
Completed work frac: 0.0004884004592895508
Num Stars Copied Between Processes: 31
Num Lps During Enumeration: 141
Total Num Lps: 141

Timeout (100) reached during execution
run_instance.sh exit code: 0, Result: timeout, Runtime: 100.672553665
Appending result 'timeout' to csv file 'skip_results.csv'
Doing run_single_instance with category 'cersyve' on onnx network '/home/elipregerson/nnenum/vnncomp2025_benchmarks/benchmarks/cersyve/onnx/point_mass_pretrain_con.onnx' with vnnlib file '/home/elipregerson/nnenum/vnncomp2025_benchmarks/benchmarks/cersyve/vnnlib/prop_point_mass.vnnlib' and timeout '100'
Preparing nnenum for benchmark instance in category 'cersyve' with onnx file '/home/elipregerson/nnenum/vnncomp2025_benchmarks/benchmarks/cersyve/onnx/point_mass_pretrain_con.onnx' and vnnlib file '/home/elipregerson/nnenum/vnncomp2025_benchmarks/benchmarks/cersyve/vnnlib/prop_point_mass.vnnlib'
/home/elipregerson/nnenum/vnncomp_scripts/prepare_instance.sh: line 36: /home/elipregerson/miniconda/envs/nnenumenv/bin/python: No such file or directory
prepare_instance.sh exit code: 0, runtime: .007761176
Running nnenum on benchmark instance in category 'cersyve' with onnx file '/home/elipregerson/nnenum/vnncomp2025_benchmarks/benchmarks/cersyve/onnx/point_mass_pretrain_con.onnx', vnnlib file '/home/elipregerson/nnenum/vnncomp2025_benchmarks/benchmarks/cersyve/vnnlib/prop_point_mass.vnnlib', results file out.txt, and timeout 100
Running in parallel with 16 processes

Worker 14 found a confirmed counterexample (concrete)

Unsafe Branch: -++-++++++++- (Branch Mode: 0)



Total Stars: 220 (175 exact, 45 approx)
Runtime: 0.2 sec
Completed work frac: 0.056195199489593506
Num Stars Copied Between Processes: 52
Num Lps During Enumeration: 2100
Total Num Lps: 2100

Result: network is UNSAFE with confirmed counterexample in result.cinput and result.coutput
Input: [0.05552072823047638, 1.0, -0.3008795380592346, 0.26742124557495117]
Output: [3.725290298461914e-08, 3.725290298461914e-08]
run_instance.sh exit code: 0, Result: sat, Runtime: .800653759
Appending result 'sat' to csv file 'skip_results.csv'
Doing run_single_instance with category 'cersyve' on onnx network '/home/elipregerson/nnenum/vnncomp2025_benchmarks/benchmarks/cersyve/onnx/point_mass_pretrain_inv.onnx' with vnnlib file '/home/elipregerson/nnenum/vnncomp2025_benchmarks/benchmarks/cersyve/vnnlib/prop_point_mass.vnnlib' and timeout '100'
Preparing nnenum for benchmark instance in category 'cersyve' with onnx file '/home/elipregerson/nnenum/vnncomp2025_benchmarks/benchmarks/cersyve/onnx/point_mass_pretrain_inv.onnx' and vnnlib file '/home/elipregerson/nnenum/vnncomp2025_benchmarks/benchmarks/cersyve/vnnlib/prop_point_mass.vnnlib'
/home/elipregerson/nnenum/vnncomp_scripts/prepare_instance.sh: line 36: /home/elipregerson/miniconda/envs/nnenumenv/bin/python: No such file or directory
prepare_instance.sh exit code: 0, runtime: .007623219
Running nnenum on benchmark instance in category 'cersyve' with onnx file '/home/elipregerson/nnenum/vnncomp2025_benchmarks/benchmarks/cersyve/onnx/point_mass_pretrain_inv.onnx', vnnlib file '/home/elipregerson/nnenum/vnncomp2025_benchmarks/benchmarks/cersyve/vnnlib/prop_point_mass.vnnlib', results file out.txt, and timeout 100
Running in parallel with 16 processes

Pre-overapproximation simulation found a confirmed counterexample.

Unsafe Base Branch: +-++++ (Mode: 0)



Total Stars: 5 (0 exact, 5 approx)
Runtime: 0.1 sec
Completed work frac: 0.016265869140625
Num Stars Copied Between Processes: 15
Num Lps During Enumeration: 0
Total Num Lps: 0

Result: network is UNSAFE with confirmed counterexample in result.cinput and result.coutput
Input: [1.0, -1.0, 0.8963992595672607, -0.1761719286441803]
Output: [-0.012528739869594574, 0.02922157198190689]
run_instance.sh exit code: 0, Result: sat, Runtime: .693358573
Appending result 'sat' to csv file 'skip_results.csv'
Doing run_single_instance with category 'cersyve' on onnx network '/home/elipregerson/nnenum/vnncomp2025_benchmarks/benchmarks/cersyve/onnx/point_mass_finetune_con.onnx' with vnnlib file '/home/elipregerson/nnenum/vnncomp2025_benchmarks/benchmarks/cersyve/vnnlib/prop_point_mass.vnnlib' and timeout '100'
Preparing nnenum for benchmark instance in category 'cersyve' with onnx file '/home/elipregerson/nnenum/vnncomp2025_benchmarks/benchmarks/cersyve/onnx/point_mass_finetune_con.onnx' and vnnlib file '/home/elipregerson/nnenum/vnncomp2025_benchmarks/benchmarks/cersyve/vnnlib/prop_point_mass.vnnlib'
/home/elipregerson/nnenum/vnncomp_scripts/prepare_instance.sh: line 36: /home/elipregerson/miniconda/envs/nnenumenv/bin/python: No such file or directory
prepare_instance.sh exit code: 0, runtime: .007592402
Running nnenum on benchmark instance in category 'cersyve' with onnx file '/home/elipregerson/nnenum/vnncomp2025_benchmarks/benchmarks/cersyve/onnx/point_mass_finetune_con.onnx', vnnlib file '/home/elipregerson/nnenum/vnncomp2025_benchmarks/benchmarks/cersyve/vnnlib/prop_point_mass.vnnlib', results file out.txt, and timeout 100
Running in parallel with 16 processes



Total Stars: 508333 (452465 exact, 55868 approx)
Runtime: 1.67 min (100.03 sec)
Completed work frac: 0.883112370967865
Num Stars Copied Between Processes: 288
Num Lps During Enumeration: 89151
Total Num Lps: 89151

Timeout (100) reached during execution
run_instance.sh exit code: 0, Result: timeout, Runtime: 100.617043393
Appending result 'timeout' to csv file 'skip_results.csv'
Doing run_single_instance with category 'cersyve' on onnx network '/home/elipregerson/nnenum/vnncomp2025_benchmarks/benchmarks/cersyve/onnx/point_mass_finetune_inv.onnx' with vnnlib file '/home/elipregerson/nnenum/vnncomp2025_benchmarks/benchmarks/cersyve/vnnlib/prop_point_mass.vnnlib' and timeout '100'
Preparing nnenum for benchmark instance in category 'cersyve' with onnx file '/home/elipregerson/nnenum/vnncomp2025_benchmarks/benchmarks/cersyve/onnx/point_mass_finetune_inv.onnx' and vnnlib file '/home/elipregerson/nnenum/vnncomp2025_benchmarks/benchmarks/cersyve/vnnlib/prop_point_mass.vnnlib'
/home/elipregerson/nnenum/vnncomp_scripts/prepare_instance.sh: line 36: /home/elipregerson/miniconda/envs/nnenumenv/bin/python: No such file or directory
prepare_instance.sh exit code: 0, runtime: .009300957
Running nnenum on benchmark instance in category 'cersyve' with onnx file '/home/elipregerson/nnenum/vnncomp2025_benchmarks/benchmarks/cersyve/onnx/point_mass_finetune_inv.onnx', vnnlib file '/home/elipregerson/nnenum/vnncomp2025_benchmarks/benchmarks/cersyve/vnnlib/prop_point_mass.vnnlib', results file out.txt, and timeout 100
Running in parallel with 16 processes



Total Stars: 419853 (419668 exact, 185 approx)
Runtime: 1.67 min (100.07 sec)
Completed work frac: 0.014063915237784386
Num Stars Copied Between Processes: 85
Num Lps During Enumeration: 6642
Total Num Lps: 6642

Timeout (100) reached during execution
run_instance.sh exit code: 0, Result: timeout, Runtime: 100.849229990
Appending result 'timeout' to csv file 'skip_results.csv'
Doing run_single_instance with category 'cersyve' on onnx network '/home/elipregerson/nnenum/vnncomp2025_benchmarks/benchmarks/test/onnx/test_nano.onnx' with vnnlib file '/home/elipregerson/nnenum/vnncomp2025_benchmarks/benchmarks/test/vnnlib/test_nano.vnnlib' and timeout '120'
Preparing nnenum for benchmark instance in category 'cersyve' with onnx file '/home/elipregerson/nnenum/vnncomp2025_benchmarks/benchmarks/test/onnx/test_nano.onnx' and vnnlib file '/home/elipregerson/nnenum/vnncomp2025_benchmarks/benchmarks/test/vnnlib/test_nano.vnnlib'
/home/elipregerson/nnenum/vnncomp_scripts/prepare_instance.sh: line 36: /home/elipregerson/miniconda/envs/nnenumenv/bin/python: No such file or directory
prepare_instance.sh exit code: 0, runtime: .009457095
Running nnenum on benchmark instance in category 'cersyve' with onnx file '/home/elipregerson/nnenum/vnncomp2025_benchmarks/benchmarks/test/onnx/test_nano.onnx', vnnlib file '/home/elipregerson/nnenum/vnncomp2025_benchmarks/benchmarks/test/vnnlib/test_nano.vnnlib', results file out.txt, and timeout 120
Proven safe before enumerate
run_instance.sh exit code: 0, Result: unsat, Runtime: .752952686
Appending result 'unsat' to csv file 'skip_results.csv'
Timeout of executed instances: 1200 sec
